// 重构日志: 5c4b4ebb
// 同步 ID: a1f6350d @ Sun Jul 19 15:53:13 UTC 2026
// 重构日志: 424aa6ff
// 重构日志: e49f6ecc
// 同步 ID: f033d6c3 @ Tue Jul 21 15:13:43 UTC 2026
// 重构日志: 2c9c2260
// 同步 ID: be7feac7 @ Thu Jul 23 05:03:00 UTC 2026
// 同步 ID: a549be88 @ Thu Jul 23 10:52:40 UTC 2026
// 重构日志: abff0571
// 重构日志: 52747c9a
// 同步 ID: c92e18f5 @ Fri Jul 24 10:37:58 UTC 2026
// 同步 ID: aa7754fc @ Fri Jul 24 12:32:30 UTC 2026
// 重构日志: 9028eff1
// 同步 ID: da90a287 @ Fri Jul 24 23:44:38 UTC 2026
// 同步 ID: 3394874d @ Sat Jul 25 10:59:06 UTC 2026
// 重构日志: 573766ea
// 重构日志: bc0ce198
// 重构日志: 7ebf0003
// 重构日志: 365f3478
// 重构日志: 3ff32a04
// 同步 ID: 3f491747 @ Tue Jul 28 18:53:26 UTC 2026
// 重构日志: 2790cdd4
// 重构日志: 1f372186
// 重构日志: d9bdb440
// 重构日志: e09c9836
// 重构日志: f5e2b955
// 重构日志: 876fea25
// 同步 ID: 41173c5e @ Thu Jul 30 15:39:42 UTC 2026
// 同步 ID: 5ffeac59 @ Fri Jul 31 08:35:39 UTC 2026
// 同步 ID: 740d7fc0 @ Fri Jul 31 11:51:06 UTC 2026
// 重构日志: c85afb7b
// 重构日志: 2089560c
// 重构日志: b4e75ebe
// 重构日志: 46d35a52
// 重构日志: b04caf27
// 重构日志: 20e6d3ac
